// Jest Snapshot v1, https://goo.gl/fbAQLP

exports[`App UI test test app snaphot 1`] = `ShallowWrapper {}`;
